COMMAND: go -C backend test -tags=unit ./internal/service -run '^TestBackupService_' -count=1 -v
2026/08/14 08:42:08 Timezone initialized: UTC (UTC offset: +00:00)
=== RUN   TestBackupService_S3ConfigEncryption
--- PASS: TestBackupService_S3ConfigEncryption (0.00s)
=== RUN   TestBackupService_S3ConfigKeepExistingSecret
2026/08/14 08:42:08 [Backup] S3 SecretAccessKey 解密失败（可能是旧的未加密数据）: not encrypted
--- PASS: TestBackupService_S3ConfigKeepExistingSecret (0.00s)
=== RUN   TestBackupService_UpdateS3Config_RejectsEphemeralKey
--- PASS: TestBackupService_UpdateS3Config_RejectsEphemeralKey (0.00s)
=== RUN   TestBackupService_UpdateS3Config_NoSecretAllowedWithEphemeralKey
--- PASS: TestBackupService_UpdateS3Config_NoSecretAllowedWithEphemeralKey (0.00s)
=== RUN   TestBackupService_EncryptionKeyConfigured
--- PASS: TestBackupService_EncryptionKeyConfigured (0.00s)
=== RUN   TestBackupService_SaveRecordConcurrency
--- PASS: TestBackupService_SaveRecordConcurrency (0.00s)
=== RUN   TestBackupService_LoadRecords_Empty
--- PASS: TestBackupService_LoadRecords_Empty (0.00s)
=== RUN   TestBackupService_LoadRecords_Corrupted
--- PASS: TestBackupService_LoadRecords_Corrupted (0.00s)
=== RUN   TestBackupService_CreateBackup_Streaming
--- PASS: TestBackupService_CreateBackup_Streaming (0.00s)
=== RUN   TestBackupService_CreateBackup_SplitsCompressedArchive
--- PASS: TestBackupService_CreateBackup_SplitsCompressedArchive (0.02s)
=== RUN   TestBackupService_StartBackup_SplitsCompressedArchive
--- PASS: TestBackupService_StartBackup_SplitsCompressedArchive (0.01s)
=== RUN   TestBackupService_StartBackup_UploadFailureCleansUploadedParts
--- PASS: TestBackupService_StartBackup_UploadFailureCleansUploadedParts (0.01s)
=== RUN   TestBackupService_UploadFailureCleanupUsesDetachedContext
--- PASS: TestBackupService_UploadFailureCleanupUsesDetachedContext (0.01s)
=== RUN   TestBackupService_CreateBackup_DumpFailure
--- PASS: TestBackupService_CreateBackup_DumpFailure (0.00s)
=== RUN   TestBackupService_CreateBackup_NoS3Config
--- PASS: TestBackupService_CreateBackup_NoS3Config (0.00s)
=== RUN   TestBackupService_CreateBackup_ConcurrentBlocked
--- PASS: TestBackupService_CreateBackup_ConcurrentBlocked (0.00s)
=== RUN   TestBackupService_RunScheduledBackup_LeaderElection
=== RUN   TestBackupService_RunScheduledBackup_LeaderElection/non-leader_skips
2026/08/14 08:42:08 [Backup] 定时备份跳过: 本实例非 leader
=== RUN   TestBackupService_RunScheduledBackup_LeaderElection/leader_runs_and_releases
2026/08/14 08:42:08 [Backup] 开始执行定时备份, 过期天数: 14
2026/08/14 08:42:08 [Backup] 定时备份完成: id=86727e6e size=32
=== RUN   TestBackupService_RunScheduledBackup_LeaderElection/leader_failure_releases
2026/08/14 08:42:08 [Backup] 开始执行定时备份, 过期天数: 14
2026/08/14 08:42:08 [Backup] 定时备份失败: pg_dump: pg_dump failed
--- PASS: TestBackupService_RunScheduledBackup_LeaderElection (0.00s)
    --- PASS: TestBackupService_RunScheduledBackup_LeaderElection/non-leader_skips (0.00s)
    --- PASS: TestBackupService_RunScheduledBackup_LeaderElection/leader_runs_and_releases (0.00s)
    --- PASS: TestBackupService_RunScheduledBackup_LeaderElection/leader_failure_releases (0.00s)
=== RUN   TestBackupService_RunScheduledBackup_DBLockQueryFailureSkips
2026/08/14 08:42:08 [Backup] 定时备份跳过: 本实例非 leader
--- PASS: TestBackupService_RunScheduledBackup_DBLockQueryFailureSkips (0.00s)
=== RUN   TestBackupService_RestoreBackup_Streaming
--- PASS: TestBackupService_RestoreBackup_Streaming (0.00s)
=== RUN   TestBackupService_RestoreBackup_SplitParts
--- PASS: TestBackupService_RestoreBackup_SplitParts (0.00s)
=== RUN   TestBackupService_RestoreBackup_SplitPartsMissingPartDoesNotRestore
--- PASS: TestBackupService_RestoreBackup_SplitPartsMissingPartDoesNotRestore (0.00s)
=== RUN   TestBackupService_RestoreBackup_SplitPartsRequiresSHA256BeforeDumper
--- PASS: TestBackupService_RestoreBackup_SplitPartsRequiresSHA256BeforeDumper (0.00s)
=== RUN   TestBackupService_DownloadBackupPartsRejectsMismatchedMetadata
=== RUN   TestBackupService_DownloadBackupPartsRejectsMismatchedMetadata/size
=== RUN   TestBackupService_DownloadBackupPartsRejectsMismatchedMetadata/sha256_length
=== RUN   TestBackupService_DownloadBackupPartsRejectsMismatchedMetadata/checksum
--- PASS: TestBackupService_DownloadBackupPartsRejectsMismatchedMetadata (0.00s)
    --- PASS: TestBackupService_DownloadBackupPartsRejectsMismatchedMetadata/size (0.00s)
    --- PASS: TestBackupService_DownloadBackupPartsRejectsMismatchedMetadata/sha256_length (0.00s)
    --- PASS: TestBackupService_DownloadBackupPartsRejectsMismatchedMetadata/checksum (0.00s)
=== RUN   TestBackupService_RestoreBackup_NotCompleted
--- PASS: TestBackupService_RestoreBackup_NotCompleted (0.00s)
=== RUN   TestBackupService_DeleteBackup
--- PASS: TestBackupService_DeleteBackup (0.00s)
=== RUN   TestBackupService_DeleteBackup_RunningKeepsUploadObjects
--- PASS: TestBackupService_DeleteBackup_RunningKeepsUploadObjects (0.00s)
=== RUN   TestBackupService_GetDownloadURL
--- PASS: TestBackupService_GetDownloadURL (0.00s)
=== RUN   TestBackupService_DeleteBackup_SplitPartsFailureKeepsRecord
--- PASS: TestBackupService_DeleteBackup_SplitPartsFailureKeepsRecord (0.00s)
=== RUN   TestBackupService_GetDownloadURL_SplitParts
--- PASS: TestBackupService_GetDownloadURL_SplitParts (0.00s)
=== RUN   TestBackupService_CleanupOldBackups_SplitParts
2026/08/14 08:42:08 [Backup] 自动清理了 1 个过期备份
--- PASS: TestBackupService_CleanupOldBackups_SplitParts (0.00s)
=== RUN   TestBackupService_ListBackups_Sorted
--- PASS: TestBackupService_ListBackups_Sorted (0.00s)
=== RUN   TestBackupService_TestS3Connection
--- PASS: TestBackupService_TestS3Connection (0.00s)
=== RUN   TestBackupService_TestS3Connection_Incomplete
--- PASS: TestBackupService_TestS3Connection_Incomplete (0.00s)
=== RUN   TestBackupService_Schedule_CronValidation
--- PASS: TestBackupService_Schedule_CronValidation (0.00s)
=== RUN   TestBackupService_LoadS3Config_Corrupted
--- PASS: TestBackupService_LoadS3Config_Corrupted (0.00s)
=== RUN   TestBackupService_RecoverStaleRecords_CleansBackupObjects
2026/08/14 08:42:08 [Backup] recovered stale running record: stale-parts
--- PASS: TestBackupService_RecoverStaleRecords_CleansBackupObjects (0.00s)
=== RUN   TestBackupService_RecoverStaleRecords_PreservesKeysWhenCleanupFails
2026/08/14 08:42:08 [Backup] failed to clean stale backup objects for stale-cleanup-failed: delete backup object "backups/stale-failed/payload.part-000001": delete failed
2026/08/14 08:42:08 [Backup] recovered stale running record: stale-cleanup-failed
--- PASS: TestBackupService_RecoverStaleRecords_PreservesKeysWhenCleanupFails (0.00s)
=== RUN   TestBackupService_StartRestore_SplitParts
--- PASS: TestBackupService_StartRestore_SplitParts (0.00s)
PASS
ok   github.com/Wei-Shaw/sub2api/internal/service	1.703s
EXIT_CODE: 0

COMMAND: go -C backend test ./internal/service -run '^TestTryAcquireSingletonLeaderLock_' -count=1 -v
2026/08/14 08:41:58 Timezone initialized: UTC (UTC offset: +00:00)
=== RUN   TestTryAcquireSingletonLeaderLock_NoBackendRunsUngated
--- PASS: TestTryAcquireSingletonLeaderLock_NoBackendRunsUngated (0.00s)
=== RUN   TestTryAcquireSingletonLeaderLock_ContendedThenReleased
--- PASS: TestTryAcquireSingletonLeaderLock_ContendedThenReleased (0.00s)
=== RUN   TestTryAcquireSingletonLeaderLock_CacheErrorFallsThrough
--- PASS: TestTryAcquireSingletonLeaderLock_CacheErrorFallsThrough (0.00s)
=== RUN   TestTryAcquireSingletonLeaderLock_DBQueryFailureSkips
--- PASS: TestTryAcquireSingletonLeaderLock_DBQueryFailureSkips (0.00s)
=== RUN   TestTryAcquireSingletonLeaderLock_CacheErrorUsesDBFallback
--- PASS: TestTryAcquireSingletonLeaderLock_CacheErrorUsesDBFallback (0.00s)
PASS
ok   github.com/Wei-Shaw/sub2api/internal/service	1.773s
EXIT_CODE: 0

COMMAND: go -C backend test ./internal/handler/admin -run 'Backup' -count=1 -v
=== RUN   TestBackupHandlerUpdateS3ConfigRefreshesReusedImageStorage
--- PASS: TestBackupHandlerUpdateS3ConfigRefreshesReusedImageStorage (0.00s)
=== RUN   TestNormalizeBackupIdempotencyKey
--- PASS: TestNormalizeBackupIdempotencyKey (0.00s)
PASS
ok   github.com/Wei-Shaw/sub2api/internal/handler/admin	3.242s
EXIT_CODE: 0

COMMAND: go -C backend build ./...
EXIT_CODE: 0
